----------------------------------------------------------------------------------------------------------------------------------------------------------------------------------------------------------------
	UC1-Ability to create Address Book Service
----------------------------------------------------------------------------------------------------------------------------------------------------------------------------------------------------------------

mysql> create Database AddressBook_Service;
Query OK, 1 row affected (0.13 sec)

mysql> show databases;
+---------------------+
| Database            |
+---------------------+
| addressbook_service |
| information_schema  |
| mysql               |
| payroll_service     |
| performance_schema  |
| sys                 |
+---------------------+
6 rows in set (0.04 sec)

--------------------------------------------------------------------------------------------------------------------------------------------------------------------------------------------------------------
  UC2 - Ability to create a AddressBook Table with first and last names, address, city,state, zip, phone number and email as its attributes
--------------------------------------------------------------------------------------------------------------------------------------------------------------------------------------------------------------

mysql> select*from address_book;
Empty set (0.01 sec)

mysql> DESC address_book;
+-------------+--------------+------+-----+---------+----------------+
| Field       | Type         | Null | Key | Default | Extra          |
+-------------+--------------+------+-----+---------+----------------+
| id          | int          | NO   | PRI | NULL    | auto_increment |
| firstname   | varchar(255) | NO   |     | NULL    |                |
| lastname    | varchar(255) | NO   |     | NULL    |                |
| Address     | varchar(255) | YES  |     | NULL    |                |
| City        | varchar(255) | YES  |     | NULL    |                |
| state       | varchar(255) | YES  |     | NULL    |                |
| zip         | varchar(255) | YES  |     | NULL    |                |
| phonenumber | varchar(255) | YES  |     | NULL    |                |
| email       | varchar(255) | YES  |     | NULL    |                |
+-------------+--------------+------+-----+---------+----------------+
9 rows in set (0.09 sec)

---------------------------------------------------------------------------------------------------------------------------------------------------------------------------------------------------------------
	UC3-Ability to insert new Contacts to Address Book
----------------------------------------------------------------------------------------------------------------------------------------------------------------------------------------------------------------


mysql> INSERT INTO address_book(firstname,lastname,Address,City,state,zip,phonenumber,email)VALUES
    -> ('Anwar','Shaikh','Airoli','NaviMumbai','Maharashtra','4000708','2765325278','Anwar@gmail.com'),
    -> ('Saif','Sharma','Vashi','NaviMumbai','Maharashtra','4000703','2765321371','saif@gmail.com'),
    -> ('Sachin','Rawat','Panvel','NaviMumbai','Maharashtra','410106','2765321206','Sachin@gmail.com'),
    -> ('Priya','Singh','Ghansoli','NaviMumbai','Maharashtra','400706','2514389612','priya@gmail.com'),
    -> ('Rhea','Kapoor','Nerul','NaviMumbai','Maharashtra','400709','2514389231','rhea@gmail.com');
Query OK, 5 rows affected (0.26 sec)
Records: 5  Duplicates: 0  Warnings: 0

mysql> select*from address_book;
+----+-----------+----------+----------+------------+-------------+---------+-------------+------------------+
| id | firstname | lastname | Address  | City       | state       | zip     | phonenumber | email            |
+----+-----------+----------+----------+------------+-------------+---------+-------------+------------------+
|  1 | Anwar     | Shaikh   | Airoli   | NaviMumbai | Maharashtra | 4000708 | 2765325278  | Anwar@gmail.com  |
|  2 | Saif      | Sharma   | Vashi    | NaviMumbai | Maharashtra | 4000703 | 2765321371  | saif@gmail.com   |
|  3 | Sachin    | Rawat    | Panvel   | NaviMumbai | Maharashtra | 410106  | 2765321206  | Sachin@gmail.com |
|  4 | Priya     | Singh    | Ghansoli | NaviMumbai | Maharashtra | 400706  | 2514389612  | priya@gmail.com  |
|  5 | Rhea      | Kapoor   | Nerul    | NaviMumbai | Maharashtra | 400709  | 2514389231  | rhea@gmail.com   |
+----+-----------+----------+----------+------------+-------------+---------+-------------+------------------+
5 rows in set (0.00 sec)

---------------------------------------------------------------------------------------------------------------------------------------------------------------------------------------------------------------
	UC4-Ability to edit existing contact person using their name
----------------------------------------------------------------------------------------------------------------------------------------------------------------------------------------------------------------

mysql> UPDATE address_book SET address = "Thane" WHERE first_name = "Saif";
ERROR 1054 (42S22): Unknown column 'first_name' in 'where clause'
mysql> UPDATE address_book SET address = "Thane" WHERE firstname = "Saif";
Query OK, 1 row affected (0.17 sec)
Rows matched: 1  Changed: 1  Warnings: 0

mysql> UPDATE address_book SET Address = "Kalwa" WHERE firstname = "Sachin";
Query OK, 1 row affected (0.08 sec)
Rows matched: 1  Changed: 1  Warnings: 0

mysql> UPDATE address_book SET phonenumber= '2081399882' WHERE firstname = "Anwar";
Query OK, 1 row affected (0.13 sec)
Rows matched: 1  Changed: 1  Warnings: 0

mysql> select*from address_book;
+----+-----------+----------+----------+------------+-------------+---------+-------------+------------------+
| id | firstname | lastname | Address  | City       | state       | zip     | phonenumber | email            |
+----+-----------+----------+----------+------------+-------------+---------+-------------+------------------+
|  1 | Anwar     | Shaikh   | Airoli   | NaviMumbai | Maharashtra | 4000708 | 2081399882  | Anwar@gmail.com  |
|  2 | Saif      | Sharma   | Thane    | NaviMumbai | Maharashtra | 4000703 | 2765321371  | saif@gmail.com   |
|  3 | Sachin    | Rawat    | Kalwa    | NaviMumbai | Maharashtra | 410106  | 2765321206  | Sachin@gmail.com |
|  4 | Priya     | Singh    | Ghansoli | NaviMumbai | Maharashtra | 400706  | 2514389612  | priya@gmail.com  |
|  5 | Rhea      | Kapoor   | Nerul    | NaviMumbai | Maharashtra | 400709  | 2514389231  | rhea@gmail.com   |
+----+-----------+----------+----------+------------+-------------+---------+-------------+------------------+
5 rows in set (0.00 sec)